2025-11-18T14:40:49.098+05:30  INFO 9504 --- [main] c.e.ecommerce.EcommerceApplication       : Starting EcommerceApplication v1.0.0 using Java 17.0.16 with PID 9504 (D:\ecommerce\Backend\target\ecommerce-1.0.0.jar started by Ankit Savaliya in D:\ecommerce)
2025-11-18T14:40:49.106+05:30 DEBUG 9504 --- [main] c.e.ecommerce.EcommerceApplication       : Running with Spring Boot v3.2.0, Spring v6.1.1
2025-11-18T14:40:49.110+05:30  INFO 9504 --- [main] c.e.ecommerce.EcommerceApplication       : No active profile set, falling back to 1 default profile: "default"
2025-11-18T14:40:53.582+05:30  INFO 9504 --- [main] .s.d.r.c.RepositoryConfigurationDelegate : Multiple Spring Data modules found, entering strict repository configuration mode
2025-11-18T14:40:53.591+05:30  INFO 9504 --- [main] .s.d.r.c.RepositoryConfigurationDelegate : Bootstrapping Spring Data JPA repositories in DEFAULT mode.
2025-11-18T14:40:54.089+05:30  INFO 9504 --- [main] .s.d.r.c.RepositoryConfigurationDelegate : Finished Spring Data repository scanning in 471 ms. Found 3 JPA repository interfaces.
2025-11-18T14:40:54.134+05:30  INFO 9504 --- [main] .s.d.r.c.RepositoryConfigurationDelegate : Multiple Spring Data modules found, entering strict repository configuration mode
2025-11-18T14:40:54.139+05:30  INFO 9504 --- [main] .s.d.r.c.RepositoryConfigurationDelegate : Bootstrapping Spring Data Redis repositories in DEFAULT mode.
2025-11-18T14:40:54.177+05:30  INFO 9504 --- [main] .RepositoryConfigurationExtensionSupport : Spring Data Redis - Could not safely identify store assignment for repository candidate interface com.example.ecommerce.repository.OrderRepository; If you want this repository to be a Redis repository, consider annotating your entities with one of these annotations: org.springframework.data.redis.core.RedisHash (preferred), or consider extending one of the following types with your repository: org.springframework.data.keyvalue.repository.KeyValueRepository
2025-11-18T14:40:54.179+05:30  INFO 9504 --- [main] .RepositoryConfigurationExtensionSupport : Spring Data Redis - Could not safely identify store assignment for repository candidate interface com.example.ecommerce.repository.ProductRepository; If you want this repository to be a Redis repository, consider annotating your entities with one of these annotations: org.springframework.data.redis.core.RedisHash (preferred), or consider extending one of the following types with your repository: org.springframework.data.keyvalue.repository.KeyValueRepository
2025-11-18T14:40:54.181+05:30  INFO 9504 --- [main] .RepositoryConfigurationExtensionSupport : Spring Data Redis - Could not safely identify store assignment for repository candidate interface com.example.ecommerce.repository.UserRepository; If you want this repository to be a Redis repository, consider annotating your entities with one of these annotations: org.springframework.data.redis.core.RedisHash (preferred), or consider extending one of the following types with your repository: org.springframework.data.keyvalue.repository.KeyValueRepository
2025-11-18T14:40:54.182+05:30  INFO 9504 --- [main] .s.d.r.c.RepositoryConfigurationDelegate : Finished Spring Data repository scanning in 15 ms. Found 0 Redis repository interfaces.
2025-11-18T14:40:56.910+05:30  INFO 9504 --- [main] o.s.b.w.embedded.tomcat.TomcatWebServer  : Tomcat initialized with port 8080 (http)
2025-11-18T14:40:56.980+05:30  INFO 9504 --- [main] o.apache.catalina.core.StandardService   : Starting service [Tomcat]
2025-11-18T14:40:56.981+05:30  INFO 9504 --- [main] o.apache.catalina.core.StandardEngine    : Starting Servlet engine: [Apache Tomcat/10.1.16]
2025-11-18T14:40:57.119+05:30  INFO 9504 --- [main] o.a.c.c.C.[Tomcat].[localhost].[/]       : Initializing Spring embedded WebApplicationContext
2025-11-18T14:40:57.120+05:30  INFO 9504 --- [main] w.s.c.ServletWebServerApplicationContext : Root WebApplicationContext: initialization completed in 7716 ms
2025-11-18T14:40:57.839+05:30  WARN 9504 --- [main] .s.s.UserDetailsServiceAutoConfiguration : 

Using generated security password: 6d7e1482-90e1-4d39-a991-83b3c641cafa

This generated password is for development use only. Your security configuration must be updated before running your application in production.

2025-11-18T14:40:57.957+05:30 DEBUG 9504 --- [main] c.e.e.security.JwtAuthenticationFilter   : Filter 'jwtAuthenticationFilter' configured for use
2025-11-18T14:40:57.964+05:30 DEBUG 9504 --- [main] o.s.w.f.ServerHttpObservationFilter      : Filter 'webMvcObservationFilter' configured for use
2025-11-18T14:40:58.507+05:30  INFO 9504 --- [main] o.hibernate.jpa.internal.util.LogHelper  : HHH000204: Processing PersistenceUnitInfo [name: default]
2025-11-18T14:40:58.719+05:30  INFO 9504 --- [main] org.hibernate.Version                    : HHH000412: Hibernate ORM core version 6.3.1.Final
2025-11-18T14:40:58.867+05:30  INFO 9504 --- [main] o.h.c.internal.RegionFactoryInitiator    : HHH000026: Second-level cache disabled
2025-11-18T14:40:59.618+05:30  INFO 9504 --- [main] o.s.o.j.p.SpringPersistenceUnitInfo      : No LoadTimeWeaver setup: ignoring JPA class transformer
2025-11-18T14:40:59.690+05:30  INFO 9504 --- [main] com.zaxxer.hikari.HikariDataSource       : HikariPool-1 - Starting...
2025-11-18T14:41:00.219+05:30  INFO 9504 --- [main] com.zaxxer.hikari.pool.HikariPool        : HikariPool-1 - Added connection com.mysql.cj.jdbc.ConnectionImpl@2337bf27
2025-11-18T14:41:00.224+05:30  INFO 9504 --- [main] com.zaxxer.hikari.HikariDataSource       : HikariPool-1 - Start completed.
2025-11-18T14:41:00.333+05:30  WARN 9504 --- [main] org.hibernate.orm.deprecation            : HHH90000025: MySQL8Dialect does not need to be specified explicitly using 'hibernate.dialect' (remove the property setting and it will be selected by default)
2025-11-18T14:41:00.337+05:30  WARN 9504 --- [main] org.hibernate.orm.deprecation            : HHH90000026: MySQL8Dialect has been deprecated; use org.hibernate.dialect.MySQLDialect instead
2025-11-18T14:41:02.771+05:30  INFO 9504 --- [main] o.h.e.t.j.p.i.JtaPlatformInitiator       : HHH000489: No JTA platform available (set 'hibernate.transaction.jta.platform' to enable JTA platform integration)
2025-11-18T14:41:02.939+05:30  INFO 9504 --- [main] j.LocalContainerEntityManagerFactoryBean : Initialized JPA EntityManagerFactory for persistence unit 'default'
2025-11-18T14:41:04.331+05:30  WARN 9504 --- [main] ConfigServletWebServerApplicationContext : Exception encountered during context initialization - cancelling refresh attempt: org.springframework.beans.factory.UnsatisfiedDependencyException: Error creating bean with name 'userController': Unsatisfied dependency expressed through field 'authenticationManager': No qualifying bean of type 'org.springframework.security.authentication.AuthenticationManager' available: expected at least 1 bean which qualifies as autowire candidate. Dependency annotations: {@org.springframework.beans.factory.annotation.Autowired(required=true)}
2025-11-18T14:41:04.334+05:30  INFO 9504 --- [main] j.LocalContainerEntityManagerFactoryBean : Closing JPA EntityManagerFactory for persistence unit 'default'
2025-11-18T14:41:04.339+05:30  INFO 9504 --- [main] com.zaxxer.hikari.HikariDataSource       : HikariPool-1 - Shutdown initiated...
2025-11-18T14:41:04.365+05:30  INFO 9504 --- [main] com.zaxxer.hikari.HikariDataSource       : HikariPool-1 - Shutdown completed.
2025-11-18T14:41:04.370+05:30  INFO 9504 --- [main] o.apache.catalina.core.StandardService   : Stopping service [Tomcat]
2025-11-18T14:41:04.448+05:30  INFO 9504 --- [main] .s.b.a.l.ConditionEvaluationReportLogger : 

Error starting ApplicationContext. To display the condition evaluation report re-run your application with 'debug' enabled.
2025-11-18T14:41:04.564+05:30 ERROR 9504 --- [main] o.s.b.d.LoggingFailureAnalysisReporter   : 

***************************
APPLICATION FAILED TO START
***************************

Description:

Field authenticationManager in com.example.ecommerce.controller.UserController required a bean of type 'org.springframework.security.authentication.AuthenticationManager' that could not be found.

The injection point has the following annotations:
	- @org.springframework.beans.factory.annotation.Autowired(required=true)


Action:

Consider defining a bean of type 'org.springframework.security.authentication.AuthenticationManager' in your configuration.

